\mathrm{limsup}	\limsup 
\mathrm{limsub}	\limsub 
\mathbf{limsup}	\limsup 
\mathbf{limsub}	\limsub 
\mathrm{arcsin}	\arcsin 
\mathrm{arccos}	\arccos 
\mathrm{arctan}	\arctan 
\mathbf{arcsin}	\arcsin 
\mathbf{arccos}	\arccos 
\mathbf{arctan}	\arctan 
\mathrm{sinh}	\sinh 
\mathrm{cosh}	\cosh 
\mathrm{tanh}	\tanh 
\mathrm{coth}	\coth 
\mathbf{sinh}	\sinh 
\mathbf{cosh}	\cosh 
\mathbf{tanh}	\tanh 
\mathbf{coth}	\coth 
\mathrm{sin}	\sin 
\mathrm{cos}	\cos 
\mathrm{tan}	\tan 
\mathrm{cot}	\cot 
\mathrm{sec}	\sec 
\mathrm{csc}	\csc 
\mathrm{log}	\log 
\mathrm{exp}	\exp 
\mathrm{arg}	\arg 
\mathrm{deg}	\deg 
\mathrm{det}	\det 
\mathrm{dim}	\dim 
\mathrm{gcd}	\gcd 
\mathrm{hom}	\hom 
\mathrm{ker}	\ker 
\mathrm{lim}	\lim 
\mathrm{min}	\min 
\mathrm{max}	\max 
\mathrm{inf}	\inf 
\mathrm{sup}	\sup 
\mathbf{sin}	\sin 
\mathbf{cos}	\cos 
\mathbf{tan}	\tan 
\mathbf{cot}	\cot 
\mathbf{sec}	\sec 
\mathbf{csc}	\csc 
\mathbf{log}	\log 
\mathbf{exp}	\exp 
\mathbf{arg}	\arg 
\mathbf{deg}	\deg 
\mathbf{det}	\det 
\mathbf{dim}	\dim 
\mathbf{gcd}	\gcd 
\mathbf{hom}	\hom 
\mathbf{ker}	\ker 
\mathbf{lim}	\lim 
\mathbf{min}	\min 
\mathbf{max}	\max 
\mathbf{inf}	\inf 
\mathbf{sup}	\sup 
\mathrm{ln}	\ln 
\mathrm{lg}	\lg 
\mathrm{Pr}	\Pr 
\mathbf{ln}	\ln 
\mathbf{lg}	\lg 
\mathbf{Pr}	\Pr 
